Login successful.
Enter user type (1-admin, 2-full-standard, 3-buy-standard, 4-sell-standard, 5-accounts-manager): User created successfully.
