Enter transaction code (or 'exit' to quit): Enter username: Login successful.
Enter transaction code (or 'exit' to quit): User Information:
Username            User Type           Credit    
admin               Admin               0.00      
--------------------------------------------------
ahmed               Admin               100000.00 
--------------------------------------------------
levi                Full-Standard       5000.00   
--------------------------------------------------
fullstd             Full-Standard       0.00      
--------------------------------------------------
buystd              Buy-Standard        0.00      
--------------------------------------------------
sellstd             Sell-Standard       200.00    
--------------------------------------------------
buystdwcredit       Full-Standard       4800.00   
--------------------------------------------------
nonadmin            Full-Standard       100.00    
--------------------------------------------------
Enter transaction code (or 'exit' to quit): 