Login successful.
Enter search string: existinggame
