Login successful.
Enter search string: No results found.
